// Jest Snapshot v1, https://goo.gl/fbAQLP

exports[`Row renders correctly 1`] = `
<View
  accessibilityComponentType={undefined}
  accessibilityLabel={undefined}
  accessibilityTraits={undefined}
  accessible={true}
  hasTVPreferredFocus={undefined}
  hitSlop={undefined}
  isTVSelectable={true}
  nativeID={undefined}
  onLayout={undefined}
  onResponderGrant={[Function]}
  onResponderMove={[Function]}
  onResponderRelease={[Function]}
  onResponderTerminate={[Function]}
  onResponderTerminationRequest={[Function]}
  onStartShouldSetResponder={[Function]}
  style={
    Array [
      Object {
        "backgroundColor": "transparent",
      },
      Array [
        Object {
          "alignSelf": "stretch",
          "backgroundColor": "white",
          "borderBottomColor": "#F9F8F8",
          "borderBottomWidth": 1,
          "padding": 16,
          "paddingLeft": 64,
        },
        undefined,
      ],
    ]
  }
  testID={undefined}
  tvParallaxProperties={undefined}
>
  <View>
    <View
      style={
        Array [
          Array [
            Object {
              "alignItems": "center",
              "borderRadius": 16,
              "height": 32,
              "justifyContent": "center",
              "width": 32,
            },
            Object {
              "backgroundColor": "#D9E5C3",
            },
          ],
          Object {
            "left": -48,
            "position": "absolute",
            "top": 3,
            "zIndex": 100,
          },
        ]
      }
    >
      <View
        style={
          Object {
            "left": 0,
            "position": "absolute",
            "top": 0,
          }
        }
      >
        <View
          borderWidth={0}
          color="#7FA835"
          progress={1}
          size={32}
          thickness={1}
        />
      </View>
      <Text
        accessible={true}
        allowFontScaling={true}
        disabled={false}
        ellipsizeMode="tail"
        style={
          Array [
            Array [
              Object {
                "fontSize": 11,
                "fontWeight": "bold",
              },
              Object {
                "color": "#7FA835",
              },
            ],
            undefined,
          ]
        }
      >
        ✓
      </Text>
    </View>
    <Text
      accessible={true}
      allowFontScaling={true}
      disabled={false}
      ellipsizeMode="tail"
      numberOfLines={undefined}
      style={
        Array [
          Object {
            "color": "#504F63",
            "fontFamily": "Avenir Next",
            "fontWeight": "400",
          },
          Object {
            "color": "#504F63",
            "fontSize": 15,
            "fontWeight": "600",
            "lineHeight": 20,
          },
        ]
      }
    >
      Hodled for 4 months
    </Text>
    <Text
      accessible={true}
      allowFontScaling={true}
      disabled={false}
      ellipsizeMode="tail"
      numberOfLines={undefined}
      style={
        Array [
          Object {
            "color": "#504F63",
            "fontFamily": "Avenir Next",
            "fontWeight": "400",
          },
          Object {
            "color": "#8F8E94",
            "fontSize": 13,
            "fontWeight": "400",
            "lineHeight": 18,
          },
        ]
      }
    >
      Ended
       
      <Text
        accessible={true}
        allowFontScaling={true}
        disabled={false}
        ellipsizeMode="tail"
        numberOfLines={undefined}
        style={
          Array [
            Object {
              "color": "#504F63",
              "fontFamily": "Avenir Next",
              "fontWeight": "400",
            },
            Object {
              "color": "#8F8E94",
              "fontSize": 13,
              "fontWeight": "400",
              "lineHeight": 18,
            },
          ]
        }
      >
        20 Dec, 2016 01:00
      </Text>
    </Text>
    <BtcLabelContainer
      amount={2000000}
      style={
        Object {
          "color": "#504F63",
          "fontSize": 13,
          "fontWeight": "600",
          "position": "absolute",
          "right": 20,
          "top": 11,
        }
      }
    />
    <Text
      accessible={true}
      allowFontScaling={false}
      disabled={false}
      ellipsizeMode="tail"
      style={
        Array [
          Object {
            "color": undefined,
            "fontSize": 12,
          },
          Object {
            "color": "#EBEBEB",
            "fontSize": 22,
            "position": "absolute",
            "right": 0,
            "top": 8,
          },
          Object {
            "fontFamily": "Ionicons",
            "fontStyle": "normal",
            "fontWeight": "normal",
          },
        ]
      }
    >
      
    </Text>
  </View>
</View>
`;
